// Jest Snapshot v1, https://goo.gl/fbAQLP

exports[`matches screenshot. 1`] = `
<div>
  <Pokecard
    pokemon={
      Object {
        "base_experience": 62,
        "id": 4,
        "name": "Charmander",
        "type": "fire",
      }
    }
  />
  <Pokecard
    pokemon={
      Object {
        "base_experience": 63,
        "id": 7,
        "name": "Squirtle",
        "type": "water",
      }
    }
  />
  <Pokecard
    pokemon={
      Object {
        "base_experience": 72,
        "id": 11,
        "name": "Metapod",
        "type": "bug",
      }
    }
  />
  <Pokecard
    pokemon={
      Object {
        "base_experience": 178,
        "id": 12,
        "name": "Butterfree",
        "type": "flying",
      }
    }
  />
  <Pokecard
    pokemon={
      Object {
        "base_experience": 112,
        "id": 25,
        "name": "Pikachu",
        "type": "electric",
      }
    }
  />
  <Pokecard
    pokemon={
      Object {
        "base_experience": 95,
        "id": 39,
        "name": "Jigglypuff",
        "type": "normal",
      }
    }
  />
  <Pokecard
    pokemon={
      Object {
        "base_experience": 225,
        "id": 94,
        "name": "Gengar",
        "type": "poison",
      }
    }
  />
  <Pokecard
    pokemon={
      Object {
        "base_experience": 65,
        "id": 133,
        "name": "Eevee",
        "type": "normal",
      }
    }
  />
</div>
`;
